[0.070s] DEBUG:colcon:Command line arguments: ['/usr/bin/colcon', 'build', '--merge-install']
[0.070s] DEBUG:colcon:Parsed command line arguments: Namespace(log_base=None, log_level=None, verb_name='build', build_base='build', install_base='install', merge_install=True, symlink_install=False, test_result_base=None, continue_on_error=False, executor='parallel', parallel_workers=12, event_handlers=None, ignore_user_meta=False, metas=['./colcon.meta'], base_paths=['.'], packages_ignore=None, packages_ignore_regex=None, paths=None, packages_up_to=None, packages_up_to_regex=None, packages_above=None, packages_above_and_dependencies=None, packages_above_depth=None, packages_select_by_dep=None, packages_skip_by_dep=None, packages_skip_up_to=None, packages_select_build_failed=False, packages_skip_build_finished=False, packages_select_test_failures=False, packages_skip_test_passed=False, packages_select=None, packages_skip=None, packages_select_regex=None, packages_skip_regex=None, packages_start=None, packages_end=None, cmake_args=None, cmake_target=None, cmake_target_skip_unavailable=False, cmake_clean_cache=False, cmake_clean_first=False, cmake_force_configure=False, ament_cmake_args=None, catkin_cmake_args=None, catkin_skip_building_tests=False, verb_parser=<colcon_defaults.argument_parser.defaults.DefaultArgumentsDecorator object at 0x7ba50a908230>, verb_extension=<colcon_core.verb.build.BuildVerb object at 0x7ba50aadffb0>, main=<bound method BuildVerb.main of <colcon_core.verb.build.BuildVerb object at 0x7ba50aadffb0>>)
[0.097s] Level 1:colcon.colcon_core.package_discovery:discover_packages(colcon_meta) check parameters
[0.097s] Level 1:colcon.colcon_core.package_discovery:discover_packages(recursive) check parameters
[0.097s] Level 1:colcon.colcon_core.package_discovery:discover_packages(ignore) check parameters
[0.097s] Level 1:colcon.colcon_core.package_discovery:discover_packages(path) check parameters
[0.097s] Level 1:colcon.colcon_core.package_discovery:discover_packages(colcon_meta) discover
[0.097s] Level 1:colcon.colcon_core.package_discovery:discover_packages(recursive) discover
[0.097s] INFO:colcon.colcon_core.package_discovery:Crawling recursively for packages in '/home/stephany/ros2_ws/src/my_boat_pkg/models'
[0.097s] Level 1:colcon.colcon_core.package_identification:_identify(.) by extensions ['ignore', 'ignore_ament_install']
[0.097s] Level 1:colcon.colcon_core.package_identification:_identify(.) by extension 'ignore'
[0.097s] Level 1:colcon.colcon_core.package_identification:_identify(.) by extension 'ignore_ament_install'
[0.097s] Level 1:colcon.colcon_core.package_identification:_identify(.) by extensions ['colcon_pkg']
[0.097s] Level 1:colcon.colcon_core.package_identification:_identify(.) by extension 'colcon_pkg'
[0.097s] Level 1:colcon.colcon_core.package_identification:_identify(.) by extensions ['colcon_meta']
[0.097s] Level 1:colcon.colcon_core.package_identification:_identify(.) by extension 'colcon_meta'
[0.097s] Level 1:colcon.colcon_core.package_identification:_identify(.) by extensions ['ros']
[0.097s] Level 1:colcon.colcon_core.package_identification:_identify(.) by extension 'ros'
[0.114s] Level 1:colcon.colcon_core.package_identification:_identify(.) by extensions ['cmake', 'python']
[0.114s] Level 1:colcon.colcon_core.package_identification:_identify(.) by extension 'cmake'
[0.114s] Level 1:colcon.colcon_core.package_identification:_identify(.) by extension 'python'
[0.114s] Level 1:colcon.colcon_core.package_identification:_identify(.) by extensions ['python_setup_py']
[0.114s] Level 1:colcon.colcon_core.package_identification:_identify(.) by extension 'python_setup_py'
[0.114s] Level 1:colcon.colcon_core.package_identification:_identify(3d_lidar) by extensions ['ignore', 'ignore_ament_install']
[0.114s] Level 1:colcon.colcon_core.package_identification:_identify(3d_lidar) by extension 'ignore'
[0.114s] Level 1:colcon.colcon_core.package_identification:_identify(3d_lidar) by extension 'ignore_ament_install'
[0.114s] Level 1:colcon.colcon_core.package_identification:_identify(3d_lidar) by extensions ['colcon_pkg']
[0.114s] Level 1:colcon.colcon_core.package_identification:_identify(3d_lidar) by extension 'colcon_pkg'
[0.114s] Level 1:colcon.colcon_core.package_identification:_identify(3d_lidar) by extensions ['colcon_meta']
[0.114s] Level 1:colcon.colcon_core.package_identification:_identify(3d_lidar) by extension 'colcon_meta'
[0.114s] Level 1:colcon.colcon_core.package_identification:_identify(3d_lidar) by extensions ['ros']
[0.115s] Level 1:colcon.colcon_core.package_identification:_identify(3d_lidar) by extension 'ros'
[0.115s] Level 1:colcon.colcon_core.package_identification:_identify(3d_lidar) by extensions ['cmake', 'python']
[0.115s] Level 1:colcon.colcon_core.package_identification:_identify(3d_lidar) by extension 'cmake'
[0.115s] Level 1:colcon.colcon_core.package_identification:_identify(3d_lidar) by extension 'python'
[0.115s] Level 1:colcon.colcon_core.package_identification:_identify(3d_lidar) by extensions ['python_setup_py']
[0.115s] Level 1:colcon.colcon_core.package_identification:_identify(3d_lidar) by extension 'python_setup_py'
[0.115s] Level 1:colcon.colcon_core.package_identification:_identify(3d_lidar/mesh) by extensions ['ignore', 'ignore_ament_install']
[0.115s] Level 1:colcon.colcon_core.package_identification:_identify(3d_lidar/mesh) by extension 'ignore'
[0.115s] Level 1:colcon.colcon_core.package_identification:_identify(3d_lidar/mesh) by extension 'ignore_ament_install'
[0.115s] Level 1:colcon.colcon_core.package_identification:_identify(3d_lidar/mesh) by extensions ['colcon_pkg']
[0.115s] Level 1:colcon.colcon_core.package_identification:_identify(3d_lidar/mesh) by extension 'colcon_pkg'
[0.115s] Level 1:colcon.colcon_core.package_identification:_identify(3d_lidar/mesh) by extensions ['colcon_meta']
[0.115s] Level 1:colcon.colcon_core.package_identification:_identify(3d_lidar/mesh) by extension 'colcon_meta'
[0.115s] Level 1:colcon.colcon_core.package_identification:_identify(3d_lidar/mesh) by extensions ['ros']
[0.115s] Level 1:colcon.colcon_core.package_identification:_identify(3d_lidar/mesh) by extension 'ros'
[0.115s] Level 1:colcon.colcon_core.package_identification:_identify(3d_lidar/mesh) by extensions ['cmake', 'python']
[0.115s] Level 1:colcon.colcon_core.package_identification:_identify(3d_lidar/mesh) by extension 'cmake'
[0.115s] Level 1:colcon.colcon_core.package_identification:_identify(3d_lidar/mesh) by extension 'python'
[0.115s] Level 1:colcon.colcon_core.package_identification:_identify(3d_lidar/mesh) by extensions ['python_setup_py']
[0.115s] Level 1:colcon.colcon_core.package_identification:_identify(3d_lidar/mesh) by extension 'python_setup_py'
[0.115s] Level 1:colcon.colcon_core.package_identification:_identify(build) by extensions ['ignore', 'ignore_ament_install']
[0.115s] Level 1:colcon.colcon_core.package_identification:_identify(build) by extension 'ignore'
[0.115s] Level 1:colcon.colcon_core.package_identification:_identify(build) ignored
[0.115s] Level 1:colcon.colcon_core.package_identification:_identify(catamaaran1) by extensions ['ignore', 'ignore_ament_install']
[0.115s] Level 1:colcon.colcon_core.package_identification:_identify(catamaaran1) by extension 'ignore'
[0.115s] Level 1:colcon.colcon_core.package_identification:_identify(catamaaran1) by extension 'ignore_ament_install'
[0.115s] Level 1:colcon.colcon_core.package_identification:_identify(catamaaran1) by extensions ['colcon_pkg']
[0.115s] Level 1:colcon.colcon_core.package_identification:_identify(catamaaran1) by extension 'colcon_pkg'
[0.115s] Level 1:colcon.colcon_core.package_identification:_identify(catamaaran1) by extensions ['colcon_meta']
[0.115s] Level 1:colcon.colcon_core.package_identification:_identify(catamaaran1) by extension 'colcon_meta'
[0.115s] Level 1:colcon.colcon_core.package_identification:_identify(catamaaran1) by extensions ['ros']
[0.115s] Level 1:colcon.colcon_core.package_identification:_identify(catamaaran1) by extension 'ros'
[0.115s] Level 1:colcon.colcon_core.package_identification:_identify(catamaaran1) by extensions ['cmake', 'python']
[0.115s] Level 1:colcon.colcon_core.package_identification:_identify(catamaaran1) by extension 'cmake'
[0.115s] Level 1:colcon.colcon_core.package_identification:_identify(catamaaran1) by extension 'python'
[0.115s] Level 1:colcon.colcon_core.package_identification:_identify(catamaaran1) by extensions ['python_setup_py']
[0.115s] Level 1:colcon.colcon_core.package_identification:_identify(catamaaran1) by extension 'python_setup_py'
[0.115s] Level 1:colcon.colcon_core.package_identification:_identify(catamaaran1/meshes) by extensions ['ignore', 'ignore_ament_install']
[0.115s] Level 1:colcon.colcon_core.package_identification:_identify(catamaaran1/meshes) by extension 'ignore'
[0.116s] Level 1:colcon.colcon_core.package_identification:_identify(catamaaran1/meshes) by extension 'ignore_ament_install'
[0.116s] Level 1:colcon.colcon_core.package_identification:_identify(catamaaran1/meshes) by extensions ['colcon_pkg']
[0.116s] Level 1:colcon.colcon_core.package_identification:_identify(catamaaran1/meshes) by extension 'colcon_pkg'
[0.116s] Level 1:colcon.colcon_core.package_identification:_identify(catamaaran1/meshes) by extensions ['colcon_meta']
[0.116s] Level 1:colcon.colcon_core.package_identification:_identify(catamaaran1/meshes) by extension 'colcon_meta'
[0.116s] Level 1:colcon.colcon_core.package_identification:_identify(catamaaran1/meshes) by extensions ['ros']
[0.116s] Level 1:colcon.colcon_core.package_identification:_identify(catamaaran1/meshes) by extension 'ros'
[0.116s] Level 1:colcon.colcon_core.package_identification:_identify(catamaaran1/meshes) by extensions ['cmake', 'python']
[0.116s] Level 1:colcon.colcon_core.package_identification:_identify(catamaaran1/meshes) by extension 'cmake'
[0.116s] Level 1:colcon.colcon_core.package_identification:_identify(catamaaran1/meshes) by extension 'python'
[0.116s] Level 1:colcon.colcon_core.package_identification:_identify(catamaaran1/meshes) by extensions ['python_setup_py']
[0.116s] Level 1:colcon.colcon_core.package_identification:_identify(catamaaran1/meshes) by extension 'python_setup_py'
[0.116s] Level 1:colcon.colcon_core.package_identification:_identify(coast_waves) by extensions ['ignore', 'ignore_ament_install']
[0.116s] Level 1:colcon.colcon_core.package_identification:_identify(coast_waves) by extension 'ignore'
[0.116s] Level 1:colcon.colcon_core.package_identification:_identify(coast_waves) by extension 'ignore_ament_install'
[0.116s] Level 1:colcon.colcon_core.package_identification:_identify(coast_waves) by extensions ['colcon_pkg']
[0.116s] Level 1:colcon.colcon_core.package_identification:_identify(coast_waves) by extension 'colcon_pkg'
[0.116s] Level 1:colcon.colcon_core.package_identification:_identify(coast_waves) by extensions ['colcon_meta']
[0.116s] Level 1:colcon.colcon_core.package_identification:_identify(coast_waves) by extension 'colcon_meta'
[0.116s] Level 1:colcon.colcon_core.package_identification:_identify(coast_waves) by extensions ['ros']
[0.116s] Level 1:colcon.colcon_core.package_identification:_identify(coast_waves) by extension 'ros'
[0.116s] Level 1:colcon.colcon_core.package_identification:_identify(coast_waves) by extensions ['cmake', 'python']
[0.116s] Level 1:colcon.colcon_core.package_identification:_identify(coast_waves) by extension 'cmake'
[0.116s] Level 1:colcon.colcon_core.package_identification:_identify(coast_waves) by extension 'python'
[0.116s] Level 1:colcon.colcon_core.package_identification:_identify(coast_waves) by extensions ['python_setup_py']
[0.116s] Level 1:colcon.colcon_core.package_identification:_identify(coast_waves) by extension 'python_setup_py'
[0.116s] Level 1:colcon.colcon_core.package_identification:_identify(coast_waves/materials) by extensions ['ignore', 'ignore_ament_install']
[0.116s] Level 1:colcon.colcon_core.package_identification:_identify(coast_waves/materials) by extension 'ignore'
[0.116s] Level 1:colcon.colcon_core.package_identification:_identify(coast_waves/materials) by extension 'ignore_ament_install'
[0.116s] Level 1:colcon.colcon_core.package_identification:_identify(coast_waves/materials) by extensions ['colcon_pkg']
[0.116s] Level 1:colcon.colcon_core.package_identification:_identify(coast_waves/materials) by extension 'colcon_pkg'
[0.116s] Level 1:colcon.colcon_core.package_identification:_identify(coast_waves/materials) by extensions ['colcon_meta']
[0.116s] Level 1:colcon.colcon_core.package_identification:_identify(coast_waves/materials) by extension 'colcon_meta'
[0.116s] Level 1:colcon.colcon_core.package_identification:_identify(coast_waves/materials) by extensions ['ros']
[0.116s] Level 1:colcon.colcon_core.package_identification:_identify(coast_waves/materials) by extension 'ros'
[0.116s] Level 1:colcon.colcon_core.package_identification:_identify(coast_waves/materials) by extensions ['cmake', 'python']
[0.116s] Level 1:colcon.colcon_core.package_identification:_identify(coast_waves/materials) by extension 'cmake'
[0.116s] Level 1:colcon.colcon_core.package_identification:_identify(coast_waves/materials) by extension 'python'
[0.116s] Level 1:colcon.colcon_core.package_identification:_identify(coast_waves/materials) by extensions ['python_setup_py']
[0.116s] Level 1:colcon.colcon_core.package_identification:_identify(coast_waves/materials) by extension 'python_setup_py'
[0.116s] Level 1:colcon.colcon_core.package_identification:_identify(coast_waves/materials/programs) by extensions ['ignore', 'ignore_ament_install']
[0.116s] Level 1:colcon.colcon_core.package_identification:_identify(coast_waves/materials/programs) by extension 'ignore'
[0.116s] Level 1:colcon.colcon_core.package_identification:_identify(coast_waves/materials/programs) by extension 'ignore_ament_install'
[0.116s] Level 1:colcon.colcon_core.package_identification:_identify(coast_waves/materials/programs) by extensions ['colcon_pkg']
[0.116s] Level 1:colcon.colcon_core.package_identification:_identify(coast_waves/materials/programs) by extension 'colcon_pkg'
[0.116s] Level 1:colcon.colcon_core.package_identification:_identify(coast_waves/materials/programs) by extensions ['colcon_meta']
[0.116s] Level 1:colcon.colcon_core.package_identification:_identify(coast_waves/materials/programs) by extension 'colcon_meta'
[0.116s] Level 1:colcon.colcon_core.package_identification:_identify(coast_waves/materials/programs) by extensions ['ros']
[0.116s] Level 1:colcon.colcon_core.package_identification:_identify(coast_waves/materials/programs) by extension 'ros'
[0.117s] Level 1:colcon.colcon_core.package_identification:_identify(coast_waves/materials/programs) by extensions ['cmake', 'python']
[0.117s] Level 1:colcon.colcon_core.package_identification:_identify(coast_waves/materials/programs) by extension 'cmake'
[0.117s] Level 1:colcon.colcon_core.package_identification:_identify(coast_waves/materials/programs) by extension 'python'
[0.117s] Level 1:colcon.colcon_core.package_identification:_identify(coast_waves/materials/programs) by extensions ['python_setup_py']
[0.117s] Level 1:colcon.colcon_core.package_identification:_identify(coast_waves/materials/programs) by extension 'python_setup_py'
[0.117s] Level 1:colcon.colcon_core.package_identification:_identify(coast_waves/materials/textures) by extensions ['ignore', 'ignore_ament_install']
[0.117s] Level 1:colcon.colcon_core.package_identification:_identify(coast_waves/materials/textures) by extension 'ignore'
[0.117s] Level 1:colcon.colcon_core.package_identification:_identify(coast_waves/materials/textures) by extension 'ignore_ament_install'
[0.117s] Level 1:colcon.colcon_core.package_identification:_identify(coast_waves/materials/textures) by extensions ['colcon_pkg']
[0.117s] Level 1:colcon.colcon_core.package_identification:_identify(coast_waves/materials/textures) by extension 'colcon_pkg'
[0.117s] Level 1:colcon.colcon_core.package_identification:_identify(coast_waves/materials/textures) by extensions ['colcon_meta']
[0.117s] Level 1:colcon.colcon_core.package_identification:_identify(coast_waves/materials/textures) by extension 'colcon_meta'
[0.117s] Level 1:colcon.colcon_core.package_identification:_identify(coast_waves/materials/textures) by extensions ['ros']
[0.117s] Level 1:colcon.colcon_core.package_identification:_identify(coast_waves/materials/textures) by extension 'ros'
[0.117s] Level 1:colcon.colcon_core.package_identification:_identify(coast_waves/materials/textures) by extensions ['cmake', 'python']
[0.117s] Level 1:colcon.colcon_core.package_identification:_identify(coast_waves/materials/textures) by extension 'cmake'
[0.117s] Level 1:colcon.colcon_core.package_identification:_identify(coast_waves/materials/textures) by extension 'python'
[0.117s] Level 1:colcon.colcon_core.package_identification:_identify(coast_waves/materials/textures) by extensions ['python_setup_py']
[0.117s] Level 1:colcon.colcon_core.package_identification:_identify(coast_waves/materials/textures) by extension 'python_setup_py'
[0.117s] Level 1:colcon.colcon_core.package_identification:_identify(coast_waves/meshes) by extensions ['ignore', 'ignore_ament_install']
[0.117s] Level 1:colcon.colcon_core.package_identification:_identify(coast_waves/meshes) by extension 'ignore'
[0.117s] Level 1:colcon.colcon_core.package_identification:_identify(coast_waves/meshes) by extension 'ignore_ament_install'
[0.117s] Level 1:colcon.colcon_core.package_identification:_identify(coast_waves/meshes) by extensions ['colcon_pkg']
[0.117s] Level 1:colcon.colcon_core.package_identification:_identify(coast_waves/meshes) by extension 'colcon_pkg'
[0.117s] Level 1:colcon.colcon_core.package_identification:_identify(coast_waves/meshes) by extensions ['colcon_meta']
[0.117s] Level 1:colcon.colcon_core.package_identification:_identify(coast_waves/meshes) by extension 'colcon_meta'
[0.117s] Level 1:colcon.colcon_core.package_identification:_identify(coast_waves/meshes) by extensions ['ros']
[0.117s] Level 1:colcon.colcon_core.package_identification:_identify(coast_waves/meshes) by extension 'ros'
[0.117s] Level 1:colcon.colcon_core.package_identification:_identify(coast_waves/meshes) by extensions ['cmake', 'python']
[0.117s] Level 1:colcon.colcon_core.package_identification:_identify(coast_waves/meshes) by extension 'cmake'
[0.117s] Level 1:colcon.colcon_core.package_identification:_identify(coast_waves/meshes) by extension 'python'
[0.117s] Level 1:colcon.colcon_core.package_identification:_identify(coast_waves/meshes) by extensions ['python_setup_py']
[0.117s] Level 1:colcon.colcon_core.package_identification:_identify(coast_waves/meshes) by extension 'python_setup_py'
[0.117s] Level 1:colcon.colcon_core.package_identification:_identify(install) by extensions ['ignore', 'ignore_ament_install']
[0.117s] Level 1:colcon.colcon_core.package_identification:_identify(install) by extension 'ignore'
[0.117s] Level 1:colcon.colcon_core.package_identification:_identify(install) ignored
[0.117s] Level 1:colcon.colcon_core.package_identification:_identify(log) by extensions ['ignore', 'ignore_ament_install']
[0.117s] Level 1:colcon.colcon_core.package_identification:_identify(log) by extension 'ignore'
[0.117s] Level 1:colcon.colcon_core.package_identification:_identify(log) ignored
[0.117s] Level 1:colcon.colcon_core.package_identification:_identify(mono_camera) by extensions ['ignore', 'ignore_ament_install']
[0.117s] Level 1:colcon.colcon_core.package_identification:_identify(mono_camera) by extension 'ignore'
[0.117s] Level 1:colcon.colcon_core.package_identification:_identify(mono_camera) by extension 'ignore_ament_install'
[0.117s] Level 1:colcon.colcon_core.package_identification:_identify(mono_camera) by extensions ['colcon_pkg']
[0.117s] Level 1:colcon.colcon_core.package_identification:_identify(mono_camera) by extension 'colcon_pkg'
[0.117s] Level 1:colcon.colcon_core.package_identification:_identify(mono_camera) by extensions ['colcon_meta']
[0.117s] Level 1:colcon.colcon_core.package_identification:_identify(mono_camera) by extension 'colcon_meta'
[0.117s] Level 1:colcon.colcon_core.package_identification:_identify(mono_camera) by extensions ['ros']
[0.117s] Level 1:colcon.colcon_core.package_identification:_identify(mono_camera) by extension 'ros'
[0.118s] Level 1:colcon.colcon_core.package_identification:_identify(mono_camera) by extensions ['cmake', 'python']
[0.118s] Level 1:colcon.colcon_core.package_identification:_identify(mono_camera) by extension 'cmake'
[0.118s] Level 1:colcon.colcon_core.package_identification:_identify(mono_camera) by extension 'python'
[0.118s] Level 1:colcon.colcon_core.package_identification:_identify(mono_camera) by extensions ['python_setup_py']
[0.118s] Level 1:colcon.colcon_core.package_identification:_identify(mono_camera) by extension 'python_setup_py'
[0.118s] Level 1:colcon.colcon_core.package_identification:_identify(mono_camera/mesh) by extensions ['ignore', 'ignore_ament_install']
[0.118s] Level 1:colcon.colcon_core.package_identification:_identify(mono_camera/mesh) by extension 'ignore'
[0.118s] Level 1:colcon.colcon_core.package_identification:_identify(mono_camera/mesh) by extension 'ignore_ament_install'
[0.118s] Level 1:colcon.colcon_core.package_identification:_identify(mono_camera/mesh) by extensions ['colcon_pkg']
[0.118s] Level 1:colcon.colcon_core.package_identification:_identify(mono_camera/mesh) by extension 'colcon_pkg'
[0.118s] Level 1:colcon.colcon_core.package_identification:_identify(mono_camera/mesh) by extensions ['colcon_meta']
[0.118s] Level 1:colcon.colcon_core.package_identification:_identify(mono_camera/mesh) by extension 'colcon_meta'
[0.118s] Level 1:colcon.colcon_core.package_identification:_identify(mono_camera/mesh) by extensions ['ros']
[0.118s] Level 1:colcon.colcon_core.package_identification:_identify(mono_camera/mesh) by extension 'ros'
[0.118s] Level 1:colcon.colcon_core.package_identification:_identify(mono_camera/mesh) by extensions ['cmake', 'python']
[0.118s] Level 1:colcon.colcon_core.package_identification:_identify(mono_camera/mesh) by extension 'cmake'
[0.118s] Level 1:colcon.colcon_core.package_identification:_identify(mono_camera/mesh) by extension 'python'
[0.118s] Level 1:colcon.colcon_core.package_identification:_identify(mono_camera/mesh) by extensions ['python_setup_py']
[0.118s] Level 1:colcon.colcon_core.package_identification:_identify(mono_camera/mesh) by extension 'python_setup_py'
[0.118s] Level 1:colcon.colcon_core.package_identification:_identify(sensor_post) by extensions ['ignore', 'ignore_ament_install']
[0.118s] Level 1:colcon.colcon_core.package_identification:_identify(sensor_post) by extension 'ignore'
[0.118s] Level 1:colcon.colcon_core.package_identification:_identify(sensor_post) by extension 'ignore_ament_install'
[0.118s] Level 1:colcon.colcon_core.package_identification:_identify(sensor_post) by extensions ['colcon_pkg']
[0.118s] Level 1:colcon.colcon_core.package_identification:_identify(sensor_post) by extension 'colcon_pkg'
[0.118s] Level 1:colcon.colcon_core.package_identification:_identify(sensor_post) by extensions ['colcon_meta']
[0.118s] Level 1:colcon.colcon_core.package_identification:_identify(sensor_post) by extension 'colcon_meta'
[0.118s] Level 1:colcon.colcon_core.package_identification:_identify(sensor_post) by extensions ['ros']
[0.118s] Level 1:colcon.colcon_core.package_identification:_identify(sensor_post) by extension 'ros'
[0.118s] Level 1:colcon.colcon_core.package_identification:_identify(sensor_post) by extensions ['cmake', 'python']
[0.118s] Level 1:colcon.colcon_core.package_identification:_identify(sensor_post) by extension 'cmake'
[0.118s] Level 1:colcon.colcon_core.package_identification:_identify(sensor_post) by extension 'python'
[0.118s] Level 1:colcon.colcon_core.package_identification:_identify(sensor_post) by extensions ['python_setup_py']
[0.118s] Level 1:colcon.colcon_core.package_identification:_identify(sensor_post) by extension 'python_setup_py'
[0.118s] Level 1:colcon.colcon_core.package_identification:_identify(sensor_post/mesh) by extensions ['ignore', 'ignore_ament_install']
[0.118s] Level 1:colcon.colcon_core.package_identification:_identify(sensor_post/mesh) by extension 'ignore'
[0.118s] Level 1:colcon.colcon_core.package_identification:_identify(sensor_post/mesh) by extension 'ignore_ament_install'
[0.118s] Level 1:colcon.colcon_core.package_identification:_identify(sensor_post/mesh) by extensions ['colcon_pkg']
[0.118s] Level 1:colcon.colcon_core.package_identification:_identify(sensor_post/mesh) by extension 'colcon_pkg'
[0.118s] Level 1:colcon.colcon_core.package_identification:_identify(sensor_post/mesh) by extensions ['colcon_meta']
[0.118s] Level 1:colcon.colcon_core.package_identification:_identify(sensor_post/mesh) by extension 'colcon_meta'
[0.118s] Level 1:colcon.colcon_core.package_identification:_identify(sensor_post/mesh) by extensions ['ros']
[0.118s] Level 1:colcon.colcon_core.package_identification:_identify(sensor_post/mesh) by extension 'ros'
[0.118s] Level 1:colcon.colcon_core.package_identification:_identify(sensor_post/mesh) by extensions ['cmake', 'python']
[0.118s] Level 1:colcon.colcon_core.package_identification:_identify(sensor_post/mesh) by extension 'cmake'
[0.118s] Level 1:colcon.colcon_core.package_identification:_identify(sensor_post/mesh) by extension 'python'
[0.118s] Level 1:colcon.colcon_core.package_identification:_identify(sensor_post/mesh) by extensions ['python_setup_py']
[0.118s] Level 1:colcon.colcon_core.package_identification:_identify(sensor_post/mesh) by extension 'python_setup_py'
[0.119s] Level 1:colcon.colcon_core.package_identification:_identify(wam-v) by extensions ['ignore', 'ignore_ament_install']
[0.119s] Level 1:colcon.colcon_core.package_identification:_identify(wam-v) by extension 'ignore'
[0.119s] Level 1:colcon.colcon_core.package_identification:_identify(wam-v) by extension 'ignore_ament_install'
[0.119s] Level 1:colcon.colcon_core.package_identification:_identify(wam-v) by extensions ['colcon_pkg']
[0.119s] Level 1:colcon.colcon_core.package_identification:_identify(wam-v) by extension 'colcon_pkg'
[0.119s] Level 1:colcon.colcon_core.package_identification:_identify(wam-v) by extensions ['colcon_meta']
[0.119s] Level 1:colcon.colcon_core.package_identification:_identify(wam-v) by extension 'colcon_meta'
[0.119s] Level 1:colcon.colcon_core.package_identification:_identify(wam-v) by extensions ['ros']
[0.119s] Level 1:colcon.colcon_core.package_identification:_identify(wam-v) by extension 'ros'
[0.119s] Level 1:colcon.colcon_core.package_identification:_identify(wam-v) by extensions ['cmake', 'python']
[0.119s] Level 1:colcon.colcon_core.package_identification:_identify(wam-v) by extension 'cmake'
[0.119s] Level 1:colcon.colcon_core.package_identification:_identify(wam-v) by extension 'python'
[0.119s] Level 1:colcon.colcon_core.package_identification:_identify(wam-v) by extensions ['python_setup_py']
[0.119s] Level 1:colcon.colcon_core.package_identification:_identify(wam-v) by extension 'python_setup_py'
[0.119s] Level 1:colcon.colcon_core.package_identification:_identify(wam-v/meshes) by extensions ['ignore', 'ignore_ament_install']
[0.119s] Level 1:colcon.colcon_core.package_identification:_identify(wam-v/meshes) by extension 'ignore'
[0.119s] Level 1:colcon.colcon_core.package_identification:_identify(wam-v/meshes) by extension 'ignore_ament_install'
[0.119s] Level 1:colcon.colcon_core.package_identification:_identify(wam-v/meshes) by extensions ['colcon_pkg']
[0.119s] Level 1:colcon.colcon_core.package_identification:_identify(wam-v/meshes) by extension 'colcon_pkg'
[0.119s] Level 1:colcon.colcon_core.package_identification:_identify(wam-v/meshes) by extensions ['colcon_meta']
[0.119s] Level 1:colcon.colcon_core.package_identification:_identify(wam-v/meshes) by extension 'colcon_meta'
[0.119s] Level 1:colcon.colcon_core.package_identification:_identify(wam-v/meshes) by extensions ['ros']
[0.119s] Level 1:colcon.colcon_core.package_identification:_identify(wam-v/meshes) by extension 'ros'
[0.119s] Level 1:colcon.colcon_core.package_identification:_identify(wam-v/meshes) by extensions ['cmake', 'python']
[0.119s] Level 1:colcon.colcon_core.package_identification:_identify(wam-v/meshes) by extension 'cmake'
[0.119s] Level 1:colcon.colcon_core.package_identification:_identify(wam-v/meshes) by extension 'python'
[0.119s] Level 1:colcon.colcon_core.package_identification:_identify(wam-v/meshes) by extensions ['python_setup_py']
[0.119s] Level 1:colcon.colcon_core.package_identification:_identify(wam-v/meshes) by extension 'python_setup_py'
[0.119s] Level 1:colcon.colcon_core.package_discovery:discover_packages(recursive) using defaults
[0.119s] Level 1:colcon.colcon_core.package_discovery:discover_packages(ignore) discover
[0.119s] Level 1:colcon.colcon_core.package_discovery:discover_packages(ignore) using defaults
[0.119s] Level 1:colcon.colcon_core.package_discovery:discover_packages(path) discover
[0.119s] Level 1:colcon.colcon_core.package_discovery:discover_packages(path) using defaults
[0.135s] INFO:colcon.colcon_core.executor:Executing jobs using 'parallel' executor
[0.136s] DEBUG:colcon.colcon_parallel_executor.executor.parallel:run_until_complete
[0.136s] DEBUG:colcon.colcon_parallel_executor.executor.parallel:closing loop
[0.136s] DEBUG:colcon.colcon_parallel_executor.executor.parallel:loop closed
[0.136s] DEBUG:colcon.colcon_parallel_executor.executor.parallel:run_until_complete finished with '0'
[0.136s] DEBUG:colcon.colcon_core.event_reactor:joining thread
[0.141s] INFO:colcon.colcon_core.plugin_system:Skipping extension 'colcon_notification.desktop_notification.terminal_notifier': Not used on non-Darwin systems
[0.141s] INFO:colcon.colcon_core.plugin_system:Skipping extension 'colcon_notification.desktop_notification.win32': Not used on non-Windows systems
[0.141s] INFO:colcon.colcon_notification.desktop_notification:Sending desktop notification using 'notify2'
[0.152s] DEBUG:colcon.colcon_core.event_reactor:joined thread
[0.154s] INFO:colcon.colcon_core.plugin_system:Skipping extension 'colcon_core.shell.bat': Not used on non-Windows systems
[0.154s] INFO:colcon.colcon_core.shell:Creating prefix script '/home/stephany/ros2_ws/src/my_boat_pkg/models/install/local_setup.sh'
[0.154s] INFO:colcon.colcon_core.shell:Creating prefix util module '/home/stephany/ros2_ws/src/my_boat_pkg/models/install/_local_setup_util_sh.py'
[0.155s] INFO:colcon.colcon_core.shell:Creating prefix chain script '/home/stephany/ros2_ws/src/my_boat_pkg/models/install/setup.sh'
[0.157s] INFO:colcon.colcon_core.shell:Creating prefix script '/home/stephany/ros2_ws/src/my_boat_pkg/models/install/local_setup.bash'
[0.158s] INFO:colcon.colcon_core.shell:Creating prefix chain script '/home/stephany/ros2_ws/src/my_boat_pkg/models/install/setup.bash'
[0.158s] INFO:colcon.colcon_core.shell:Creating prefix script '/home/stephany/ros2_ws/src/my_boat_pkg/models/install/local_setup.zsh'
[0.159s] INFO:colcon.colcon_core.shell:Creating prefix chain script '/home/stephany/ros2_ws/src/my_boat_pkg/models/install/setup.zsh'
